../Core/Src/main.c:105:7:mdot_from_temp	48	static
../Core/Src/main.c:126:10:calculate_pwm_duty	16	static
../Core/Src/main.c:136:8:therm_to_temp	40	static
../Core/Src/main.c:155:5:main	32	static
../Core/Src/main.c:250:6:SystemClock_Config	88	static
../Core/Src/main.c:297:13:MX_ADC1_Init	24	static
../Core/Src/main.c:380:13:MX_CAN_Init	8	static
../Core/Src/main.c:417:13:MX_TIM1_Init	96	static
../Core/Src/main.c:490:13:MX_DMA_Init	16	static
../Core/Src/main.c:508:13:MX_GPIO_Init	40	static
../Core/Src/main.c:543:6:Error_Handler	4	static,ignoring_inline_asm
