../Core/Src/main.c:104:7:mdot_from_temp	48	static
../Core/Src/main.c:125:10:calculate_pwm_duty	16	static
../Core/Src/main.c:141:5:main	32	static
../Core/Src/main.c:236:6:SystemClock_Config	88	static
../Core/Src/main.c:283:13:MX_ADC1_Init	24	static
../Core/Src/main.c:366:13:MX_CAN_Init	8	static
../Core/Src/main.c:403:13:MX_TIM1_Init	96	static
../Core/Src/main.c:476:13:MX_DMA_Init	16	static
../Core/Src/main.c:494:13:MX_GPIO_Init	40	static
../Core/Src/main.c:529:6:Error_Handler	4	static,ignoring_inline_asm
